2025-07-29 11:47:22,893 - db_helper - INFO - fetch_expenses_for_date called with 2024-08-1
2025-07-29 11:51:31,200 - db_helper - INFO - fetch_expenses_for_date called with 2024-08-1
2025-07-29 11:51:31,594 - db_helper - INFO - fetch_expense_summary called with start: 2024-08-01, end: 2024-08-05
2025-07-29 12:16:07,690 - db_helper - INFO - fetch_expenses_for_date called with 2024-08-01
2025-07-29 12:16:48,372 - db_helper - INFO - fetch_expenses_for_date called with 2024-08-01
2025-07-29 12:16:48,416 - db_helper - INFO - insert_expense called with date: 2024-08-01, amount: 2000.0, category: Shopping, notes: Bought baby yoda
2025-07-29 17:14:03,610 - db_helper - INFO - fetch_expenses_for_date called with 2024-08-01
2025-07-29 17:14:13,894 - db_helper - INFO - fetch_expenses_for_date called with 2024-08-02
2025-07-30 10:16:30,260 - db_helper - INFO - fetch_expenses_for_date called with 2024-08-01
2025-07-30 10:16:49,195 - db_helper - INFO - fetch_expenses_for_date called with 2024-08-02
2025-07-30 10:16:56,952 - db_helper - INFO - fetch_expenses_for_date called with 2024-08-03
2025-07-30 10:23:00,376 - db_helper - INFO - fetch_expenses_for_date called with 2024-08-03
2025-07-30 10:26:00,503 - db_helper - INFO - fetch_expenses_for_date called with 2024-08-03
2025-07-30 10:26:23,466 - db_helper - INFO - fetch_expenses_for_date called with 2024-08-01
2025-07-30 10:27:40,280 - db_helper - INFO - fetch_expenses_for_date called with 2024-08-01
2025-07-30 10:28:28,042 - db_helper - INFO - fetch_expenses_for_date called with 2024-08-01
2025-07-30 10:29:07,650 - db_helper - INFO - fetch_expenses_for_date called with 2024-08-01
2025-07-30 11:06:38,852 - db_helper - INFO - fetch_expenses_for_date called with 2024-08-01
2025-07-30 11:07:29,668 - db_helper - INFO - fetch_expenses_for_date called with 2024-08-01
2025-07-30 11:07:40,237 - db_helper - INFO - fetch_expenses_for_date called with 2024-08-01
2025-07-30 11:09:14,928 - db_helper - INFO - fetch_expenses_for_date called with 2024-08-01
2025-07-30 11:17:24,717 - db_helper - INFO - fetch_expenses_for_date called with 2024-08-01
2025-07-30 11:19:15,647 - db_helper - INFO - fetch_expenses_for_date called with 2024-08-01
2025-07-30 11:21:00,940 - db_helper - INFO - fetch_expenses_for_date called with 2024-08-01
2025-07-30 11:21:39,257 - db_helper - INFO - fetch_expenses_for_date called with 2024-08-01
2025-07-30 11:22:13,410 - db_helper - INFO - fetch_expenses_for_date called with 2024-08-01
2025-07-30 11:22:23,927 - db_helper - INFO - fetch_expenses_for_date called with 2024-08-20
2025-07-30 11:22:29,874 - db_helper - INFO - fetch_expenses_for_date called with 2024-08-08
2025-07-30 11:26:07,217 - db_helper - INFO - fetch_expenses_for_date called with 2024-08-08
2025-07-30 11:27:11,696 - db_helper - INFO - fetch_expenses_for_date called with 2024-08-08
2025-07-30 11:34:01,372 - db_helper - INFO - fetch_expenses_for_date called with 2024-08-08
2025-07-30 11:34:22,810 - db_helper - INFO - fetch_expenses_for_date called with 2024-08-01
2025-07-30 11:34:25,824 - db_helper - INFO - fetch_expenses_for_date called with 2024-08-02
2025-07-30 11:36:09,580 - db_helper - INFO - fetch_expenses_for_date called with 2024-08-01
2025-07-30 11:37:10,173 - db_helper - INFO - fetch_expenses_for_date called with 2024-08-01
2025-07-30 11:41:48,389 - db_helper - INFO - fetch_expenses_for_date called with 2024-08-01
2025-07-30 11:41:57,337 - db_helper - INFO - fetch_expenses_for_date called with 2024-08-02
2025-07-30 11:52:05,144 - db_helper - INFO - fetch_expenses_for_date called with 2024-08-02
2025-07-30 11:52:11,787 - db_helper - INFO - fetch_expenses_for_date called with 2024-08-07
2025-07-30 11:54:14,002 - db_helper - INFO - fetch_expenses_for_date called with 2024-08-07
2025-07-30 11:54:16,077 - db_helper - INFO - fetch_expenses_for_date called with 2024-08-07
2025-07-30 11:54:16,100 - db_helper - INFO - insert_expense called with date: 2024-08-07, amount: 20.0, category: Shopping, notes: bought coconut
2025-07-30 11:54:16,126 - db_helper - INFO - insert_expense called with date: 2024-08-07, amount: 10.0, category: Shopping, notes: bought bottle
2025-07-30 11:54:16,148 - db_helper - INFO - insert_expense called with date: 2024-08-07, amount: 40.0, category: Food, notes: Ate biryani
2025-07-30 11:54:17,311 - db_helper - INFO - fetch_expenses_for_date called with 2024-08-07
2025-07-30 11:54:19,403 - db_helper - INFO - fetch_expenses_for_date called with 2024-08-07
2025-07-30 11:54:19,429 - db_helper - INFO - insert_expense called with date: 2024-08-07, amount: 20.0, category: Shopping, notes: bought coconut
2025-07-30 11:54:19,449 - db_helper - INFO - insert_expense called with date: 2024-08-07, amount: 10.0, category: Shopping, notes: bought bottle
2025-07-30 11:54:19,473 - db_helper - INFO - insert_expense called with date: 2024-08-07, amount: 40.0, category: Food, notes: Ate biryani
2025-07-30 11:54:51,377 - db_helper - INFO - fetch_expenses_for_date called with 2024-08-02
2025-07-30 11:54:55,956 - db_helper - INFO - fetch_expenses_for_date called with 2024-08-07
2025-07-30 14:20:17,165 - db_helper - INFO - fetch_expenses_for_date called with 2024-08-02
2025-07-30 14:22:46,318 - db_helper - INFO - fetch_expenses_for_date called with 2024-08-01
2025-07-30 14:23:03,622 - db_helper - INFO - fetch_expenses_for_date called with 2024-08-02
2025-07-30 14:28:45,022 - db_helper - INFO - fetch_expenses_for_date called with 2024-08-02
2025-07-30 14:32:34,635 - db_helper - INFO - fetch_expense_summary called with start: 2024-08-01, end: 2024-08-05
2025-07-30 14:40:15,631 - db_helper - INFO - fetch_expense_summary called with start: 2024-08-01, end: 2024-08-05
2025-07-30 14:54:27,420 - db_helper - INFO - fetch_expenses_for_date called with 2024-08-02
2025-07-30 14:56:13,012 - db_helper - INFO - fetch_expenses_for_date called with 2024-08-02
2025-07-30 15:10:15,630 - db_helper - INFO - fetch_expenses_for_date called with 2024-08-02
2025-07-30 15:10:19,591 - db_helper - INFO - fetch_expenses_for_date called with 2024-08-02
2025-07-30 15:10:21,693 - db_helper - INFO - fetch_expense_summary called with start: 2024-08-01, end: 2024-08-05
2025-07-30 15:10:28,107 - db_helper - INFO - fetch_expenses_for_date called with 2024-08-02
2025-07-30 15:10:30,211 - db_helper - INFO - fetch_expense_summary called with start: 2024-08-01, end: 2024-08-05
2025-07-30 15:10:33,917 - db_helper - INFO - fetch_expenses_for_date called with 2024-08-02
2025-07-30 15:10:36,007 - db_helper - INFO - fetch_expense_summary called with start: 2024-08-01, end: 2024-08-05
2025-07-30 15:10:54,734 - db_helper - INFO - fetch_expenses_for_date called with 2024-08-02
2025-07-30 15:10:56,819 - db_helper - INFO - fetch_expense_summary called with start: 2024-08-01, end: 2024-08-05
2025-07-30 15:11:09,139 - db_helper - INFO - fetch_expenses_for_date called with 2024-08-02
2025-07-30 15:11:13,826 - db_helper - INFO - fetch_expenses_for_date called with 2024-08-02
2025-07-30 15:11:15,886 - db_helper - INFO - fetch_expense_summary called with start: 2024-08-01, end: 2024-08-05
2025-07-30 15:12:18,484 - db_helper - INFO - fetch_expenses_for_date called with 2024-08-02
2025-07-30 15:12:21,705 - db_helper - INFO - fetch_expenses_for_date called with 2024-08-02
2025-07-30 15:12:23,812 - db_helper - INFO - fetch_expense_summary called with start: 2024-08-01, end: 2024-08-05
2025-07-30 15:20:36,978 - db_helper - INFO - fetch_expenses_for_date called with 2024-08-01
2025-07-30 15:20:45,023 - db_helper - INFO - fetch_expenses_for_date called with 2024-08-01
2025-07-30 15:20:47,115 - db_helper - INFO - fetch_expense_summary called with start: 2024-08-01, end: 2024-08-05
2025-07-30 15:21:40,781 - db_helper - INFO - fetch_expenses_for_date called with 2024-08-01
2025-07-30 15:21:48,878 - db_helper - INFO - fetch_expenses_for_date called with 2024-08-01
2025-07-30 15:21:50,960 - db_helper - INFO - fetch_expense_summary called with start: 2024-08-01, end: 2024-08-05
2025-07-30 15:22:05,612 - db_helper - INFO - fetch_expenses_for_date called with 2024-08-01
2025-07-30 15:22:07,695 - db_helper - INFO - fetch_expense_summary called with start: 2024-08-01, end: 2024-08-05
2025-07-30 15:22:48,970 - db_helper - INFO - fetch_expenses_for_date called with 2024-08-01
2025-07-30 15:22:58,265 - db_helper - INFO - fetch_expenses_for_date called with 2024-08-01
2025-07-30 15:23:00,338 - db_helper - INFO - fetch_expense_summary called with start: 2024-08-01, end: 2024-08-05
2025-07-30 15:26:01,389 - db_helper - INFO - fetch_expenses_for_date called with 2024-08-01
2025-07-30 15:26:06,195 - db_helper - INFO - fetch_expenses_for_date called with 2024-08-01
2025-07-30 15:26:08,279 - db_helper - INFO - fetch_expense_summary called with start: 2024-08-01, end: 2024-08-05
2025-07-30 15:31:00,991 - db_helper - INFO - fetch_expenses_for_date called with 2024-08-01
2025-07-30 15:31:05,073 - db_helper - INFO - fetch_expenses_for_date called with 2024-08-01
2025-07-30 15:31:07,176 - db_helper - INFO - fetch_expense_summary called with start: 2024-08-01, end: 2024-08-05
